// Jest Snapshot v1, https://goo.gl/fbAQLP

exports[`EmployeeDetails renders correctly with default data 1`] = `
<Card
  className="employeeDetails"
>
  <h3>
    <FormattedMessage
      id="app.employees.employee.name"
      values={
        Object {
          "name": "Glenna Reichert",
          "username": "Delphine",
        }
      }
    />
  </h3>
  <DetailsRow
    label={
      <FormattedMessage
        id="app.employees.employee.email"
      />
    }
    value="Chaim_McDermott@dana.io"
  />
  <DetailsRow
    label={
      <FormattedMessage
        id="app.employees.employee.phone"
      />
    }
    value="(775)976-6794 x41206"
  />
  <DetailsRow
    label={
      <FormattedMessage
        id="app.employees.employee.website"
      />
    }
    value={
      <a
        href="//conrad.com"
        rel="noopener noreferrer"
        target="_blank"
      >
        conrad.com
      </a>
    }
  />
  <DetailsRow
    label={
      <FormattedMessage
        id="app.employees.employee.address-label"
      />
    }
    value={
      <FormattedMessage
        id="app.employees.employee.address-val"
        values={
          Object {
            "city": "Bartholomebury",
            "street": "Dayna Park",
            "suite": "Suite 449",
            "zipcode": "76495-3109",
          }
        }
      />
    }
  />
  <DetailsRow
    label={
      <FormattedMessage
        id="app.employees.employee.company"
      />
    }
    value={
      <FormattedMessage
        id="app.employees.employee.company-val"
        values={
          Object {
            "catchPhrase": "Switchable contextually-based project",
            "companyName": "Yost and Sons",
          }
        }
      />
    }
  />
</Card>
`;

exports[`EmployeeDetails renders data unavailable message if employee is undefined 1`] = `
<DataUnavailable
  message={
    <FormattedMessage
      id="app.error-no-data"
    />
  }
/>
`;
