// Jest Snapshot v1, https://goo.gl/fbAQLP

exports[`EmployeeDetails renders correctly with default data 1`] = `
<WithStyles(ForwardRef(Card))
  className="employee-details"
>
  <WithStyles(ForwardRef(CardContent))>
    <WithStyles(ForwardRef(Typography))
      component="h2"
      gutterBottom={true}
      variant="h5"
    >
      <FormattedMessage
        id="app.employees.employee.name"
        values={
          Object {
            "name": "Glenna Reichert",
            "username": "Delphine",
          }
        }
      />
    </WithStyles(ForwardRef(Typography))>
    <WithStyles(ForwardRef(Typography))
      color="textSecondary"
      component="div"
      variant="body2"
    >
      <WithStyles(ForwardRef(Typography))
        color="textPrimary"
        component="span"
      >
        <FormattedMessage
          id="app.employees.employee.email"
        />
      </WithStyles(ForwardRef(Typography))>
      <WithStyles(ForwardRef(Typography))
        color="textSecondary"
        component="span"
      >
        Chaim_McDermott@dana.io
      </WithStyles(ForwardRef(Typography))>
    </WithStyles(ForwardRef(Typography))>
    <WithStyles(ForwardRef(Typography))
      color="textSecondary"
      component="div"
      variant="body2"
    >
      <WithStyles(ForwardRef(Typography))
        color="textPrimary"
        component="span"
      >
        <FormattedMessage
          id="app.employees.employee.phone"
        />
      </WithStyles(ForwardRef(Typography))>
      <WithStyles(ForwardRef(Typography))
        color="textSecondary"
        component="span"
      >
        (775)976-6794 x41206
      </WithStyles(ForwardRef(Typography))>
    </WithStyles(ForwardRef(Typography))>
    <WithStyles(ForwardRef(Typography))
      color="textSecondary"
      component="div"
      variant="body2"
    >
      <WithStyles(ForwardRef(Typography))
        color="textPrimary"
        component="span"
      >
        <FormattedMessage
          id="app.employees.employee.website"
        />
      </WithStyles(ForwardRef(Typography))>
      <a
        href="//conrad.com"
        target="blank"
      >
        <WithStyles(ForwardRef(Typography))
          color="primary"
          component="span"
        >
          conrad.com
        </WithStyles(ForwardRef(Typography))>
      </a>
    </WithStyles(ForwardRef(Typography))>
    <WithStyles(ForwardRef(Typography))
      color="textSecondary"
      component="div"
      variant="body2"
    >
      <WithStyles(ForwardRef(Typography))
        color="textPrimary"
        component="span"
      >
        <FormattedMessage
          id="app.employees.employee.address-label"
        />
      </WithStyles(ForwardRef(Typography))>
      <WithStyles(ForwardRef(Typography))
        color="textSecondary"
        component="span"
      >
        <FormattedMessage
          id="app.employees.employee.address-val"
          values={
            Object {
              "city": "Bartholomebury",
              "street": "Dayna Park",
              "suite": "Suite 449",
              "zipcode": "76495-3109",
            }
          }
        />
      </WithStyles(ForwardRef(Typography))>
    </WithStyles(ForwardRef(Typography))>
    <WithStyles(ForwardRef(Typography))
      color="textSecondary"
      component="div"
      variant="body2"
    >
      <WithStyles(ForwardRef(Typography))
        color="textPrimary"
        component="span"
      >
        <FormattedMessage
          id="app.employees.employee.company"
        />
      </WithStyles(ForwardRef(Typography))>
      <WithStyles(ForwardRef(Typography))
        color="textSecondary"
        component="span"
      >
        <FormattedMessage
          id="app.employees.employee.company-val"
          values={
            Object {
              "catchPhrase": "Switchable contextually-based project",
              "companyName": "Yost and Sons",
            }
          }
        />
      </WithStyles(ForwardRef(Typography))>
    </WithStyles(ForwardRef(Typography))>
  </WithStyles(ForwardRef(CardContent))>
</WithStyles(ForwardRef(Card))>
`;

exports[`EmployeeDetails renders data unavailable message if employee is undefined 1`] = `
<WithStyles(ForwardRef(Card))
  className="employee-details"
>
  <WithStyles(ForwardRef(Typography))
    align="center"
    color="error"
    component="div"
    variant="subtitle2"
  >
    <FormattedMessage
      id="app.error-no-data"
    />
  </WithStyles(ForwardRef(Typography))>
</WithStyles(ForwardRef(Card))>
`;
