// Jest Snapshot v1, https://goo.gl/fbAQLP

exports[`PostDetails renders correctly with default data 1`] = `
<Card
  className="postDetails"
  title="Welcome to Posts"
>
  <DetailsRow
    label={
      <FormattedMessage
        id="app.posts.post.description"
      />
    }
    value="Lorem Ipsum Lorem Ipsum Lorem Ipsum"
  />
</Card>
`;

exports[`PostDetails renders data unavailable message if post is undefined 1`] = `
<DataUnavailable
  message={
    <FormattedMessage
      id="app.error-no-data"
    />
  }
/>
`;
